<testsuite errors="0" failures="0" name="Django Project Tests" skips="0" tests="15" time="0.321"><testcase classname="apps.users.tests.test_admin.TestMyUserCreationForm" name="test_clean_username_false" time="0.020723" /><testcase classname="apps.users.tests.test_admin.TestMyUserCreationForm" name="test_clean_username_success" time="0.013613" /><testcase classname="apps.users.tests.test_models.TestUser" name="test__str__" time="0.007133" /><testcase classname="apps.users.tests.test_models.TestUser" name="test_get_absolute_url" time="0.174473" /><testcase classname="apps.users.tests.test_urls.TestUserURLs" name="test_detail_resolve" time="0.008018" /><testcase classname="apps.users.tests.test_urls.TestUserURLs" name="test_detail_reverse" time="0.008887" /><testcase classname="apps.users.tests.test_urls.TestUserURLs" name="test_list_resolve" time="0.009209" /><testcase classname="apps.users.tests.test_urls.TestUserURLs" name="test_list_reverse" time="0.009226" /><testcase classname="apps.users.tests.test_urls.TestUserURLs" name="test_redirect_resolve" time="0.007689" /><testcase classname="apps.users.tests.test_urls.TestUserURLs" name="test_redirect_reverse" time="0.008914" /><testcase classname="apps.users.tests.test_urls.TestUserURLs" name="test_update_resolve" time="0.007532" /><testcase classname="apps.users.tests.test_urls.TestUserURLs" name="test_update_reverse" time="0.008372" /><testcase classname="apps.users.tests.test_views.TestUserRedirectView" name="test_get_redirect_url" time="0.008727" /><testcase classname="apps.users.tests.test_views.TestUserUpdateView" name="test_get_object" time="0.010318" /><testcase classname="apps.users.tests.test_views.TestUserUpdateView" name="test_get_success_url" time="0.009391" /></testsuite>